#-----------------------------------------------------------
# Vivado v2025.1 (64-bit)
# SW Build 6140274 on Thu May 22 00:12:29 MDT 2025
# IP Build 6138677 on Thu May 22 03:10:11 MDT 2025
# SharedData Build 6139179 on Tue May 20 17:58:58 MDT 2025
# Start of session at: Thu Jan 22 23:44:00 2026
# Process ID         : 19952
# Current directory  : E:/HDL_2026/Week_1/Day_2/Practice/BCD_Adder/bcd_subtractor/bcd_subtractor.runs/synth_1
# Command line       : vivado.exe -log tb_bcd_subtractor.vds -product Vivado -mode batch -messageDb vivado.pb -notrace -source tb_bcd_subtractor.tcl
# Log file           : E:/HDL_2026/Week_1/Day_2/Practice/BCD_Adder/bcd_subtractor/bcd_subtractor.runs/synth_1/tb_bcd_subtractor.vds
# Journal file       : E:/HDL_2026/Week_1/Day_2/Practice/BCD_Adder/bcd_subtractor/bcd_subtractor.runs/synth_1\vivado.jou
# Running On         : Kotha
# Platform           : Windows Server 2016 or Windows 10
# Operating System   : 26100
# Processor Detail   : 12th Gen Intel(R) Core(TM) i7-1255U
# CPU Frequency      : 2611 MHz
# CPU Physical cores : 10
# CPU Logical cores  : 12
# Host memory        : 16849 MB
# Swap memory        : 10200 MB
# Total Virtual      : 27049 MB
# Available Virtual  : 8847 MB
#-----------------------------------------------------------
source tb_bcd_subtractor.tcl -notrace
